[ 50%] Building CXX object CMakeFiles/dataperf.dir/dataperf.cpp.o
[100%] Linking CXX executable dataperf
[100%] Built target dataperf
